// Jest Snapshot v1, https://goo.gl/fbAQLP

exports[`Header Testings matches snapshot 1`] = `
<header
  className="relative overflow-x-hidden lg:h-600 "
>
  <div
    className="justify-between mt-6 lg:container lg:flex"
  >
    <h1
      className="pt-8 mb-10 lg:mb-0"
    >
      <img
        alt="Logo der HDM GmbH"
        className="w-56 mx-auto"
        src="/ci/hdm-logo.svg"
      />
      <span
        className="sr-only"
      >
        HDM - Holz Design Moers GmbH
      </span>
    </h1>
    <Sticky
      activeClass="active"
      bottomBoundary={0}
      enableTransforms={true}
      enabled={true}
      innerClass=""
      innerZ="101"
      onStateChange={null}
      releasedClass="released"
      shouldFreeze={[Function]}
      top={0}
    >
      <nav
        className="flex justify-between py-3 font-semibold bg-white lg:bg-transparent lg:text-lg lg:container lg:mb-0 lg:space-x-12 lg:justify-end lg:mt-10 lg:py-0"
      >
        <Link
          activeClass="active"
          className="px-4 py-2 my-2 hover:text-hdm"
          duration={600}
          offset={-60}
          smooth={true}
          spy={true}
          to="produkte"
        >
          Produkte
        </Link>
        <Link
          activeClass="active"
          className="px-4 py-2 my-2 hover:text-hdm"
          duration={1000}
          offset={-60}
          smooth={true}
          spy={true}
          to="unternehmen"
        >
          Unternehmen
        </Link>
        <Link
          activeClass="active"
          className="px-4 py-2 my-2 hover:text-hdm"
          duration={1200}
          offset={0}
          smooth={true}
          spy={true}
          to="kontakt"
        >
          Kontakt
        </Link>
      </nav>
    </Sticky>
  </div>
  <Header__Section
    className="container pt-12 pb-20 lg:pt-32 lg:pb-24"
  >
    <p
      className="text-xl leading-10 lg:text-3xl lg:max-w-3xl lg:ml-24"
    >
      <strong>
        Produkt. Idee. Erfolg.
      </strong>
       Die Holz Design Moers GmbH bietet ihren Handelspartnern auch in Zukunft abverkaufsstarke Produkte, Konzepte und Ideen für eine erfolgreiche Zusammenarbeit.
    </p>
  </Header__Section>
  <Sticky
    activeClass="sticky-nav"
    bottomBoundary={0}
    enableTransforms={true}
    enabled={false}
    innerClass=""
    innerZ="101"
    onStateChange={null}
    releasedClass="released"
    shouldFreeze={[Function]}
    top={0}
  >
    <nav
      className="justify-around hidden px-20 py-4 text-lg font-semibold lg:flex"
    >
      <Link
        activeClass="active"
        className="px-4 py-2 my-2 hover:text-hdm"
        duration={600}
        offset={-120}
        smooth={true}
        spy={true}
        to="crossflex"
      >
        Crossflex
      </Link>
      <Link
        activeClass="active"
        className="px-4 py-2 my-2 hover:text-hdm"
        duration={700}
        offset={-25}
        smooth={true}
        spy={true}
        to="purity"
      >
        Purity
      </Link>
      <Link
        activeClass="active"
        className="px-4 py-2 my-2 hover:text-hdm"
        duration={900}
        offset={-40}
        smooth={true}
        spy={true}
        to="cerastar"
      >
        Cerastar
      </Link>
      <Link
        activeClass="active"
        className="px-4 py-2 my-2 hover:text-hdm"
        duration={1000}
        offset={-40}
        smooth={true}
        spy={true}
        to="massivholztueren"
      >
        Massivholztüren
      </Link>
      <Link
        activeClass="active"
        className="px-4 py-2 my-2 hover:text-hdm"
        duration={1100}
        offset={-20}
        smooth={true}
        spy={true}
        to="accessories"
      >
        Möbelbauplatten / Dazu Zubehör
      </Link>
    </nav>
  </Sticky>
</header>
`;
